// Jest Snapshot v1, https://goo.gl/fbAQLP

exports[`Pruebas a <GifGridItem /> debe renderizar el componente correctamente 1`] = `
<div
  className="card animate__animated animate__fadeIn"
>
  <img
    alt="Ejemplo"
    src="https://localhost:5050"
  />
  <p>
    Ejemplo
  </p>
</div>
`;
